CREATE TABLE broadcast_events(time TEXT, change TEXT, point TEXT, namespace TEXT, key TEXT, value TEXT);
CREATE TABLE broadcast_states(point TEXT, namespace TEXT, key TEXT, value TEXT, PRIMARY KEY(point, namespace, key));
CREATE TABLE broadcast_states_checkpoints(id INTEGER, point TEXT, namespace TEXT, key TEXT, value TEXT, PRIMARY KEY(id, point, namespace, key));
CREATE TABLE checkpoint_id(id INTEGER, time TEXT, event TEXT, PRIMARY KEY(id));
CREATE TABLE inheritance(namespace TEXT, inheritance TEXT, PRIMARY KEY(namespace));
CREATE TABLE suite_params(key TEXT, value TEXT, PRIMARY KEY(key));
CREATE TABLE suite_params_checkpoints(id INTEGER, key TEXT, value TEXT, PRIMARY KEY(id, key));
CREATE TABLE suite_template_vars(key TEXT, value TEXT, PRIMARY KEY(key));
CREATE TABLE task_action_timers(cycle TEXT, name TEXT, ctx_key TEXT, ctx TEXT, delays TEXT, num INTEGER, delay TEXT, timeout TEXT, PRIMARY KEY(cycle, name, ctx_key));
CREATE TABLE task_events(name TEXT, cycle TEXT, time TEXT, submit_num INTEGER, event TEXT, message TEXT);
CREATE TABLE task_jobs(cycle TEXT, name TEXT, submit_num INTEGER, is_manual_submit INTEGER, try_num INTEGER, time_submit TEXT, time_submit_exit TEXT, submit_status INTEGER, time_run TEXT, time_run_exit TEXT, run_signal TEXT, run_status INTEGER, user_at_host TEXT, batch_sys_name TEXT, batch_sys_job_id TEXT, PRIMARY KEY(cycle, name, submit_num));
CREATE TABLE task_late_flags(cycle TEXT, name TEXT, value INTEGER, PRIMARY KEY(cycle, name));
CREATE TABLE task_outputs(cycle TEXT, name TEXT, outputs TEXT, PRIMARY KEY(cycle, name));
CREATE TABLE task_pool(cycle TEXT, name TEXT, spawned INTEGER, status TEXT, is_held INTEGER, PRIMARY KEY(cycle, name));
CREATE TABLE task_pool_checkpoints(id INTEGER, cycle TEXT, name TEXT, spawned INTEGER, status TEXT, is_held INTEGER, PRIMARY KEY(id, cycle, name));
CREATE TABLE task_states(name TEXT, cycle TEXT, time_created TEXT, time_updated TEXT, submit_num INTEGER, status TEXT, PRIMARY KEY(name, cycle));
CREATE TABLE task_timeout_timers(cycle TEXT, name TEXT, timeout REAL, PRIMARY KEY(cycle, name));
CREATE TABLE xtriggers(signature TEXT, results TEXT, PRIMARY KEY(signature));
