bar|["bar", "root"]
baz|["baz", "root"]
foo|["foo", "root"]
root|["root"]
