foo|1|submitted|
foo|1|started|
foo|1|succeeded|
bar|1|submitted|
bar|1|started|
bar|1|succeeded|
baz|1|submitted|
baz|1|started|
baz|1|succeeded|
