[[root]]
    completion = 
    platform = 
    inherit = 
    script = 
    init-script = 
    env-script = 
    err-script = 
    exit-script = 
    pre-script = 
    post-script = 
    work sub-directory = 
    execution polling intervals = 
    execution retry delays = 
    execution time limit = 
    submission polling intervals = 
    submission retry delays = 
    run mode = live
    [[[meta]]]
        title = 
        description = 
        URL = 
    [[[skip]]]
        outputs = 
        disable task event handlers = True
    [[[simulation]]]
        default run length = PT10S
        speedup factor = 
        time limit buffer = PT30S
        fail cycle points = 
        fail try 1 only = True
        disable task event handlers = True
    [[[environment filter]]]
        include = 
        exclude = 
    [[[job]]]
        batch system = 
        batch submit command template = 
    [[[remote]]]
        host = 
        owner = 
        retrieve job logs = 
        retrieve job logs max size = 
        retrieve job logs retry delays = 
    [[[events]]]
        execution timeout = 
        handlers = 
        handler events = 
        handler retry delays = 
        mail events = 
        submission timeout = 
        expired handlers = 
        late offset = 
        late handlers = 
        submitted handlers = 
        started handlers = 
        succeeded handlers = 
        failed handlers = 
        submission failed handlers = 
        warning handlers = 
        critical handlers = 
        retry handlers = 
        submission retry handlers = 
        execution timeout handlers = 
        submission timeout handlers = 
        custom handlers = 
    [[[mail]]]
        from = 
        to = 
    [[[workflow state polling]]]
        interval = 
        max-polls = 
        message = 
        alt-cylc-run-dir = 
        verbose mode = 
    [[[environment]]]
    [[[directives]]]
    [[[outputs]]]
    [[[parameter environment templates]]]
[[OPS]]
    script = echo "RUN: run-ops.sh"
    completion = 
    platform = 
    inherit = 
    init-script = 
    env-script = 
    err-script = 
    exit-script = 
    pre-script = 
    post-script = 
    work sub-directory = 
    execution polling intervals = 
    execution retry delays = 
    execution time limit = 
    submission polling intervals = 
    submission retry delays = 
    run mode = live
    [[[meta]]]
        title = 
        description = 
        URL = 
    [[[skip]]]
        outputs = 
        disable task event handlers = True
    [[[simulation]]]
        default run length = PT10S
        speedup factor = 
        time limit buffer = PT30S
        fail cycle points = 
        fail try 1 only = True
        disable task event handlers = True
    [[[environment filter]]]
        include = 
        exclude = 
    [[[job]]]
        batch system = 
        batch submit command template = 
    [[[remote]]]
        host = 
        owner = 
        retrieve job logs = 
        retrieve job logs max size = 
        retrieve job logs retry delays = 
    [[[events]]]
        execution timeout = 
        handlers = 
        handler events = 
        handler retry delays = 
        mail events = 
        submission timeout = 
        expired handlers = 
        late offset = 
        late handlers = 
        submitted handlers = 
        started handlers = 
        succeeded handlers = 
        failed handlers = 
        submission failed handlers = 
        warning handlers = 
        critical handlers = 
        retry handlers = 
        submission retry handlers = 
        execution timeout handlers = 
        submission timeout handlers = 
        custom handlers = 
    [[[mail]]]
        from = 
        to = 
    [[[workflow state polling]]]
        interval = 
        max-polls = 
        message = 
        alt-cylc-run-dir = 
        verbose mode = 
    [[[environment]]]
    [[[directives]]]
    [[[outputs]]]
    [[[parameter environment templates]]]
[[VAR]]
    script = echo "RUN: run-var.sh"
    completion = 
    platform = 
    inherit = 
    init-script = 
    env-script = 
    err-script = 
    exit-script = 
    pre-script = 
    post-script = 
    work sub-directory = 
    execution polling intervals = 
    execution retry delays = 
    execution time limit = 
    submission polling intervals = 
    submission retry delays = 
    run mode = live
    [[[meta]]]
        title = 
        description = 
        URL = 
    [[[skip]]]
        outputs = 
        disable task event handlers = True
    [[[simulation]]]
        default run length = PT10S
        speedup factor = 
        time limit buffer = PT30S
        fail cycle points = 
        fail try 1 only = True
        disable task event handlers = True
    [[[environment filter]]]
        include = 
        exclude = 
    [[[job]]]
        batch system = 
        batch submit command template = 
    [[[remote]]]
        host = 
        owner = 
        retrieve job logs = 
        retrieve job logs max size = 
        retrieve job logs retry delays = 
    [[[events]]]
        execution timeout = 
        handlers = 
        handler events = 
        handler retry delays = 
        mail events = 
        submission timeout = 
        expired handlers = 
        late offset = 
        late handlers = 
        submitted handlers = 
        started handlers = 
        succeeded handlers = 
        failed handlers = 
        submission failed handlers = 
        warning handlers = 
        critical handlers = 
        retry handlers = 
        submission retry handlers = 
        execution timeout handlers = 
        submission timeout handlers = 
        custom handlers = 
    [[[mail]]]
        from = 
        to = 
    [[[workflow state polling]]]
        interval = 
        max-polls = 
        message = 
        alt-cylc-run-dir = 
        verbose mode = 
    [[[environment]]]
    [[[directives]]]
    [[[outputs]]]
    [[[parameter environment templates]]]
[[SERIAL]]
    completion = 
    platform = 
    inherit = 
    script = 
    init-script = 
    env-script = 
    err-script = 
    exit-script = 
    pre-script = 
    post-script = 
    work sub-directory = 
    execution polling intervals = 
    execution retry delays = 
    execution time limit = 
    submission polling intervals = 
    submission retry delays = 
    run mode = live
    [[[directives]]]
        job_type = serial
    [[[meta]]]
        title = 
        description = 
        URL = 
    [[[skip]]]
        outputs = 
        disable task event handlers = True
    [[[simulation]]]
        default run length = PT10S
        speedup factor = 
        time limit buffer = PT30S
        fail cycle points = 
        fail try 1 only = True
        disable task event handlers = True
    [[[environment filter]]]
        include = 
        exclude = 
    [[[job]]]
        batch system = 
        batch submit command template = 
    [[[remote]]]
        host = 
        owner = 
        retrieve job logs = 
        retrieve job logs max size = 
        retrieve job logs retry delays = 
    [[[events]]]
        execution timeout = 
        handlers = 
        handler events = 
        handler retry delays = 
        mail events = 
        submission timeout = 
        expired handlers = 
        late offset = 
        late handlers = 
        submitted handlers = 
        started handlers = 
        succeeded handlers = 
        failed handlers = 
        submission failed handlers = 
        warning handlers = 
        critical handlers = 
        retry handlers = 
        submission retry handlers = 
        execution timeout handlers = 
        submission timeout handlers = 
        custom handlers = 
    [[[mail]]]
        from = 
        to = 
    [[[workflow state polling]]]
        interval = 
        max-polls = 
        message = 
        alt-cylc-run-dir = 
        verbose mode = 
    [[[environment]]]
    [[[outputs]]]
    [[[parameter environment templates]]]
[[PARALLEL]]
    completion = 
    platform = 
    inherit = 
    script = 
    init-script = 
    env-script = 
    err-script = 
    exit-script = 
    pre-script = 
    post-script = 
    work sub-directory = 
    execution polling intervals = 
    execution retry delays = 
    execution time limit = 
    submission polling intervals = 
    submission retry delays = 
    run mode = live
    [[[directives]]]
        job_type = parallel
    [[[meta]]]
        title = 
        description = 
        URL = 
    [[[skip]]]
        outputs = 
        disable task event handlers = True
    [[[simulation]]]
        default run length = PT10S
        speedup factor = 
        time limit buffer = PT30S
        fail cycle points = 
        fail try 1 only = True
        disable task event handlers = True
    [[[environment filter]]]
        include = 
        exclude = 
    [[[job]]]
        batch system = 
        batch submit command template = 
    [[[remote]]]
        host = 
        owner = 
        retrieve job logs = 
        retrieve job logs max size = 
        retrieve job logs retry delays = 
    [[[events]]]
        execution timeout = 
        handlers = 
        handler events = 
        handler retry delays = 
        mail events = 
        submission timeout = 
        expired handlers = 
        late offset = 
        late handlers = 
        submitted handlers = 
        started handlers = 
        succeeded handlers = 
        failed handlers = 
        submission failed handlers = 
        warning handlers = 
        critical handlers = 
        retry handlers = 
        submission retry handlers = 
        execution timeout handlers = 
        submission timeout handlers = 
        custom handlers = 
    [[[mail]]]
        from = 
        to = 
    [[[workflow state polling]]]
        interval = 
        max-polls = 
        message = 
        alt-cylc-run-dir = 
        verbose mode = 
    [[[environment]]]
    [[[outputs]]]
    [[[parameter environment templates]]]
[[ops_s1]]
    script = echo "RUN: run-ops.sh"
    inherit = OPS, SERIAL
    completion = succeeded or failed
    platform = 
    init-script = 
    env-script = 
    err-script = 
    exit-script = 
    pre-script = 
    post-script = 
    work sub-directory = 
    execution polling intervals = 
    execution retry delays = 
    execution time limit = 
    submission polling intervals = 
    submission retry delays = 
    run mode = live
    [[[directives]]]
        job_type = serial
    [[[meta]]]
        title = 
        description = 
        URL = 
    [[[skip]]]
        outputs = 
        disable task event handlers = True
    [[[simulation]]]
        default run length = PT10S
        speedup factor = 
        time limit buffer = PT30S
        fail cycle points = 
        fail try 1 only = True
        disable task event handlers = True
    [[[environment filter]]]
        include = 
        exclude = 
    [[[job]]]
        batch system = 
        batch submit command template = 
    [[[remote]]]
        host = 
        owner = 
        retrieve job logs = 
        retrieve job logs max size = 
        retrieve job logs retry delays = 
    [[[events]]]
        execution timeout = 
        handlers = 
        handler events = 
        handler retry delays = 
        mail events = 
        submission timeout = 
        expired handlers = 
        late offset = 
        late handlers = 
        submitted handlers = 
        started handlers = 
        succeeded handlers = 
        failed handlers = 
        submission failed handlers = 
        warning handlers = 
        critical handlers = 
        retry handlers = 
        submission retry handlers = 
        execution timeout handlers = 
        submission timeout handlers = 
        custom handlers = 
    [[[mail]]]
        from = 
        to = 
    [[[workflow state polling]]]
        interval = 
        max-polls = 
        message = 
        alt-cylc-run-dir = 
        verbose mode = 
    [[[environment]]]
    [[[outputs]]]
    [[[parameter environment templates]]]
[[ops_s2]]
    script = echo "RUN: run-ops.sh"
    inherit = OPS, SERIAL
    completion = succeeded or failed
    platform = 
    init-script = 
    env-script = 
    err-script = 
    exit-script = 
    pre-script = 
    post-script = 
    work sub-directory = 
    execution polling intervals = 
    execution retry delays = 
    execution time limit = 
    submission polling intervals = 
    submission retry delays = 
    run mode = live
    [[[directives]]]
        job_type = serial
    [[[meta]]]
        title = 
        description = 
        URL = 
    [[[skip]]]
        outputs = 
        disable task event handlers = True
    [[[simulation]]]
        default run length = PT10S
        speedup factor = 
        time limit buffer = PT30S
        fail cycle points = 
        fail try 1 only = True
        disable task event handlers = True
    [[[environment filter]]]
        include = 
        exclude = 
    [[[job]]]
        batch system = 
        batch submit command template = 
    [[[remote]]]
        host = 
        owner = 
        retrieve job logs = 
        retrieve job logs max size = 
        retrieve job logs retry delays = 
    [[[events]]]
        execution timeout = 
        handlers = 
        handler events = 
        handler retry delays = 
        mail events = 
        submission timeout = 
        expired handlers = 
        late offset = 
        late handlers = 
        submitted handlers = 
        started handlers = 
        succeeded handlers = 
        failed handlers = 
        submission failed handlers = 
        warning handlers = 
        critical handlers = 
        retry handlers = 
        submission retry handlers = 
        execution timeout handlers = 
        submission timeout handlers = 
        custom handlers = 
    [[[mail]]]
        from = 
        to = 
    [[[workflow state polling]]]
        interval = 
        max-polls = 
        message = 
        alt-cylc-run-dir = 
        verbose mode = 
    [[[environment]]]
    [[[outputs]]]
    [[[parameter environment templates]]]
[[ops_p1]]
    script = echo "RUN: run-ops.sh"
    inherit = OPS, PARALLEL
    completion = succeeded or failed
    platform = 
    init-script = 
    env-script = 
    err-script = 
    exit-script = 
    pre-script = 
    post-script = 
    work sub-directory = 
    execution polling intervals = 
    execution retry delays = 
    execution time limit = 
    submission polling intervals = 
    submission retry delays = 
    run mode = live
    [[[directives]]]
        job_type = parallel
    [[[meta]]]
        title = 
        description = 
        URL = 
    [[[skip]]]
        outputs = 
        disable task event handlers = True
    [[[simulation]]]
        default run length = PT10S
        speedup factor = 
        time limit buffer = PT30S
        fail cycle points = 
        fail try 1 only = True
        disable task event handlers = True
    [[[environment filter]]]
        include = 
        exclude = 
    [[[job]]]
        batch system = 
        batch submit command template = 
    [[[remote]]]
        host = 
        owner = 
        retrieve job logs = 
        retrieve job logs max size = 
        retrieve job logs retry delays = 
    [[[events]]]
        execution timeout = 
        handlers = 
        handler events = 
        handler retry delays = 
        mail events = 
        submission timeout = 
        expired handlers = 
        late offset = 
        late handlers = 
        submitted handlers = 
        started handlers = 
        succeeded handlers = 
        failed handlers = 
        submission failed handlers = 
        warning handlers = 
        critical handlers = 
        retry handlers = 
        submission retry handlers = 
        execution timeout handlers = 
        submission timeout handlers = 
        custom handlers = 
    [[[mail]]]
        from = 
        to = 
    [[[workflow state polling]]]
        interval = 
        max-polls = 
        message = 
        alt-cylc-run-dir = 
        verbose mode = 
    [[[environment]]]
    [[[outputs]]]
    [[[parameter environment templates]]]
[[ops_p2]]
    script = echo "RUN: run-ops.sh"
    inherit = OPS, PARALLEL
    completion = succeeded or failed
    platform = 
    init-script = 
    env-script = 
    err-script = 
    exit-script = 
    pre-script = 
    post-script = 
    work sub-directory = 
    execution polling intervals = 
    execution retry delays = 
    execution time limit = 
    submission polling intervals = 
    submission retry delays = 
    run mode = live
    [[[directives]]]
        job_type = parallel
    [[[meta]]]
        title = 
        description = 
        URL = 
    [[[skip]]]
        outputs = 
        disable task event handlers = True
    [[[simulation]]]
        default run length = PT10S
        speedup factor = 
        time limit buffer = PT30S
        fail cycle points = 
        fail try 1 only = True
        disable task event handlers = True
    [[[environment filter]]]
        include = 
        exclude = 
    [[[job]]]
        batch system = 
        batch submit command template = 
    [[[remote]]]
        host = 
        owner = 
        retrieve job logs = 
        retrieve job logs max size = 
        retrieve job logs retry delays = 
    [[[events]]]
        execution timeout = 
        handlers = 
        handler events = 
        handler retry delays = 
        mail events = 
        submission timeout = 
        expired handlers = 
        late offset = 
        late handlers = 
        submitted handlers = 
        started handlers = 
        succeeded handlers = 
        failed handlers = 
        submission failed handlers = 
        warning handlers = 
        critical handlers = 
        retry handlers = 
        submission retry handlers = 
        execution timeout handlers = 
        submission timeout handlers = 
        custom handlers = 
    [[[mail]]]
        from = 
        to = 
    [[[workflow state polling]]]
        interval = 
        max-polls = 
        message = 
        alt-cylc-run-dir = 
        verbose mode = 
    [[[environment]]]
    [[[outputs]]]
    [[[parameter environment templates]]]
[[var_s1]]
    script = echo "RUN: run-var.sh"
    inherit = VAR, SERIAL
    completion = succeeded
    platform = 
    init-script = 
    env-script = 
    err-script = 
    exit-script = 
    pre-script = 
    post-script = 
    work sub-directory = 
    execution polling intervals = 
    execution retry delays = 
    execution time limit = 
    submission polling intervals = 
    submission retry delays = 
    run mode = live
    [[[directives]]]
        job_type = serial
    [[[meta]]]
        title = 
        description = 
        URL = 
    [[[skip]]]
        outputs = 
        disable task event handlers = True
    [[[simulation]]]
        default run length = PT10S
        speedup factor = 
        time limit buffer = PT30S
        fail cycle points = 
        fail try 1 only = True
        disable task event handlers = True
    [[[environment filter]]]
        include = 
        exclude = 
    [[[job]]]
        batch system = 
        batch submit command template = 
    [[[remote]]]
        host = 
        owner = 
        retrieve job logs = 
        retrieve job logs max size = 
        retrieve job logs retry delays = 
    [[[events]]]
        execution timeout = 
        handlers = 
        handler events = 
        handler retry delays = 
        mail events = 
        submission timeout = 
        expired handlers = 
        late offset = 
        late handlers = 
        submitted handlers = 
        started handlers = 
        succeeded handlers = 
        failed handlers = 
        submission failed handlers = 
        warning handlers = 
        critical handlers = 
        retry handlers = 
        submission retry handlers = 
        execution timeout handlers = 
        submission timeout handlers = 
        custom handlers = 
    [[[mail]]]
        from = 
        to = 
    [[[workflow state polling]]]
        interval = 
        max-polls = 
        message = 
        alt-cylc-run-dir = 
        verbose mode = 
    [[[environment]]]
    [[[outputs]]]
    [[[parameter environment templates]]]
[[var_s2]]
    script = echo "RUN: run-var.sh"
    inherit = VAR, SERIAL
    completion = succeeded
    platform = 
    init-script = 
    env-script = 
    err-script = 
    exit-script = 
    pre-script = 
    post-script = 
    work sub-directory = 
    execution polling intervals = 
    execution retry delays = 
    execution time limit = 
    submission polling intervals = 
    submission retry delays = 
    run mode = live
    [[[directives]]]
        job_type = serial
    [[[meta]]]
        title = 
        description = 
        URL = 
    [[[skip]]]
        outputs = 
        disable task event handlers = True
    [[[simulation]]]
        default run length = PT10S
        speedup factor = 
        time limit buffer = PT30S
        fail cycle points = 
        fail try 1 only = True
        disable task event handlers = True
    [[[environment filter]]]
        include = 
        exclude = 
    [[[job]]]
        batch system = 
        batch submit command template = 
    [[[remote]]]
        host = 
        owner = 
        retrieve job logs = 
        retrieve job logs max size = 
        retrieve job logs retry delays = 
    [[[events]]]
        execution timeout = 
        handlers = 
        handler events = 
        handler retry delays = 
        mail events = 
        submission timeout = 
        expired handlers = 
        late offset = 
        late handlers = 
        submitted handlers = 
        started handlers = 
        succeeded handlers = 
        failed handlers = 
        submission failed handlers = 
        warning handlers = 
        critical handlers = 
        retry handlers = 
        submission retry handlers = 
        execution timeout handlers = 
        submission timeout handlers = 
        custom handlers = 
    [[[mail]]]
        from = 
        to = 
    [[[workflow state polling]]]
        interval = 
        max-polls = 
        message = 
        alt-cylc-run-dir = 
        verbose mode = 
    [[[environment]]]
    [[[outputs]]]
    [[[parameter environment templates]]]
[[var_p1]]
    script = echo "RUN: run-var.sh"
    inherit = VAR, PARALLEL
    completion = succeeded
    platform = 
    init-script = 
    env-script = 
    err-script = 
    exit-script = 
    pre-script = 
    post-script = 
    work sub-directory = 
    execution polling intervals = 
    execution retry delays = 
    execution time limit = 
    submission polling intervals = 
    submission retry delays = 
    run mode = live
    [[[directives]]]
        job_type = parallel
    [[[meta]]]
        title = 
        description = 
        URL = 
    [[[skip]]]
        outputs = 
        disable task event handlers = True
    [[[simulation]]]
        default run length = PT10S
        speedup factor = 
        time limit buffer = PT30S
        fail cycle points = 
        fail try 1 only = True
        disable task event handlers = True
    [[[environment filter]]]
        include = 
        exclude = 
    [[[job]]]
        batch system = 
        batch submit command template = 
    [[[remote]]]
        host = 
        owner = 
        retrieve job logs = 
        retrieve job logs max size = 
        retrieve job logs retry delays = 
    [[[events]]]
        execution timeout = 
        handlers = 
        handler events = 
        handler retry delays = 
        mail events = 
        submission timeout = 
        expired handlers = 
        late offset = 
        late handlers = 
        submitted handlers = 
        started handlers = 
        succeeded handlers = 
        failed handlers = 
        submission failed handlers = 
        warning handlers = 
        critical handlers = 
        retry handlers = 
        submission retry handlers = 
        execution timeout handlers = 
        submission timeout handlers = 
        custom handlers = 
    [[[mail]]]
        from = 
        to = 
    [[[workflow state polling]]]
        interval = 
        max-polls = 
        message = 
        alt-cylc-run-dir = 
        verbose mode = 
    [[[environment]]]
    [[[outputs]]]
    [[[parameter environment templates]]]
[[var_p2]]
    script = echo "RUN: run-var.sh"
    inherit = VAR, PARALLEL
    completion = succeeded
    platform = 
    init-script = 
    env-script = 
    err-script = 
    exit-script = 
    pre-script = 
    post-script = 
    work sub-directory = 
    execution polling intervals = 
    execution retry delays = 
    execution time limit = 
    submission polling intervals = 
    submission retry delays = 
    run mode = live
    [[[directives]]]
        job_type = parallel
    [[[meta]]]
        title = 
        description = 
        URL = 
    [[[skip]]]
        outputs = 
        disable task event handlers = True
    [[[simulation]]]
        default run length = PT10S
        speedup factor = 
        time limit buffer = PT30S
        fail cycle points = 
        fail try 1 only = True
        disable task event handlers = True
    [[[environment filter]]]
        include = 
        exclude = 
    [[[job]]]
        batch system = 
        batch submit command template = 
    [[[remote]]]
        host = 
        owner = 
        retrieve job logs = 
        retrieve job logs max size = 
        retrieve job logs retry delays = 
    [[[events]]]
        execution timeout = 
        handlers = 
        handler events = 
        handler retry delays = 
        mail events = 
        submission timeout = 
        expired handlers = 
        late offset = 
        late handlers = 
        submitted handlers = 
        started handlers = 
        succeeded handlers = 
        failed handlers = 
        submission failed handlers = 
        warning handlers = 
        critical handlers = 
        retry handlers = 
        submission retry handlers = 
        execution timeout handlers = 
        submission timeout handlers = 
        custom handlers = 
    [[[mail]]]
        from = 
        to = 
    [[[workflow state polling]]]
        interval = 
        max-polls = 
        message = 
        alt-cylc-run-dir = 
        verbose mode = 
    [[[environment]]]
    [[[outputs]]]
    [[[parameter environment templates]]]
