runahead limit = 
hold after point = 
max active cycle points = 3
final cycle point constraints = 
spawn to max active cycle points = False
cycling mode = integer
initial cycle point = 1
initial cycle point constraints = 
final cycle point = 1
[[dependencies]]
    [[[R1]]]
        graph = OPS:finish-all => VAR
[[queues]]
    [[[default]]]
        limit = 0
        members = ops_s1, ops_s2, ops_p1, ops_p2, var_p1, var_p2, var_s1, var_s2
[[special tasks]]
    external-trigger = 
    include at start-up = 
    clock-trigger = 
    sequential = 
    clock-expire = 
    exclude at start-up = 
