[[var_p2]]
    script = echo "RUN: run-var.sh"
    env-script = 
    err-script = 
    extra log files = 
    work sub-directory = 
    init-script = 
    pre-script = 
    post-script = 
    inherit = VAR, PARALLEL
    [[[meta]]]
        title = 
        description = 
        URL = 
    [[[events]]]
        submission timeout handler = 
        submitted handler = 
        started handler = 
        execution timeout handler = 
        expired handler = 
        submission failed handler = 
        submission retry handler = 
        warning handler = 
        critical handler = 
        custom handler = 
        succeeded handler = 
        retry handler = 
        failed handler = 
        handler events = 
        mail smtp = 
        handlers = 
        mail events = 
        mail retry delays = 
        handler retry delays = 
        mail to = 
        mail from = 
        execution timeout = 
        submission timeout = 
        reset timer = 
    [[[environment]]]
    [[[directives]]]
        job_type = parallel
    [[[environment filter]]]
        exclude = 
        include = 
    [[[outputs]]]
    [[[simulation]]]
        fail try 1 only = True
        fail cycle points = 
        speedup factor = 
        disable task event handlers = True
        default run length = PT10S
        time limit buffer = PT10S
    [[[suite state polling]]]
        interval = 
        host = 
        max-polls = 
        run-dir = 
        user = 
        template = 
        verbose mode = 
    [[[remote]]]
        owner = 
        suite definition directory = 
        host = 
        retrieve job logs = 
        retrieve job logs max size = 
        retrieve job logs retry delays = 
    [[[job]]]
        shell = /bin/bash
        batch submit command template = 
        batch system = background
        submission retry delays = 
        execution retry delays = 
        submission polling intervals = 
        execution polling intervals = 
        execution time limit = 
[[OPS]]
    script = echo "RUN: run-ops.sh"
    env-script = 
    err-script = 
    extra log files = 
    work sub-directory = 
    init-script = 
    pre-script = 
    post-script = 
    inherit = 
    [[[meta]]]
        title = 
        description = 
        URL = 
    [[[events]]]
        submission timeout handler = 
        submitted handler = 
        started handler = 
        execution timeout handler = 
        expired handler = 
        submission failed handler = 
        submission retry handler = 
        warning handler = 
        critical handler = 
        custom handler = 
        succeeded handler = 
        retry handler = 
        failed handler = 
        handler events = 
        mail smtp = 
        handlers = 
        mail events = 
        mail retry delays = 
        handler retry delays = 
        mail to = 
        mail from = 
        execution timeout = 
        submission timeout = 
        reset timer = 
    [[[environment]]]
    [[[directives]]]
    [[[environment filter]]]
        exclude = 
        include = 
    [[[outputs]]]
    [[[simulation]]]
        fail try 1 only = True
        fail cycle points = 
        speedup factor = 
        disable task event handlers = True
        default run length = PT10S
        time limit buffer = PT10S
    [[[suite state polling]]]
        interval = 
        host = 
        max-polls = 
        run-dir = 
        user = 
        template = 
        verbose mode = 
    [[[remote]]]
        owner = 
        suite definition directory = 
        host = 
        retrieve job logs = 
        retrieve job logs max size = 
        retrieve job logs retry delays = 
    [[[job]]]
        shell = /bin/bash
        batch submit command template = 
        batch system = background
        submission retry delays = 
        execution retry delays = 
        submission polling intervals = 
        execution polling intervals = 
        execution time limit = 
[[ops_s1]]
    script = echo "RUN: run-ops.sh"
    env-script = 
    err-script = 
    extra log files = 
    work sub-directory = 
    init-script = 
    pre-script = 
    post-script = 
    inherit = OPS, SERIAL
    [[[meta]]]
        title = 
        description = 
        URL = 
    [[[events]]]
        submission timeout handler = 
        submitted handler = 
        started handler = 
        execution timeout handler = 
        expired handler = 
        submission failed handler = 
        submission retry handler = 
        warning handler = 
        critical handler = 
        custom handler = 
        succeeded handler = 
        retry handler = 
        failed handler = 
        handler events = 
        mail smtp = 
        handlers = 
        mail events = 
        mail retry delays = 
        handler retry delays = 
        mail to = 
        mail from = 
        execution timeout = 
        submission timeout = 
        reset timer = 
    [[[environment]]]
    [[[directives]]]
        job_type = serial
    [[[environment filter]]]
        exclude = 
        include = 
    [[[outputs]]]
    [[[simulation]]]
        fail try 1 only = True
        fail cycle points = 
        speedup factor = 
        disable task event handlers = True
        default run length = PT10S
        time limit buffer = PT10S
    [[[suite state polling]]]
        interval = 
        host = 
        max-polls = 
        run-dir = 
        user = 
        template = 
        verbose mode = 
    [[[remote]]]
        owner = 
        suite definition directory = 
        host = 
        retrieve job logs = 
        retrieve job logs max size = 
        retrieve job logs retry delays = 
    [[[job]]]
        shell = /bin/bash
        batch submit command template = 
        batch system = background
        submission retry delays = 
        execution retry delays = 
        submission polling intervals = 
        execution polling intervals = 
        execution time limit = 
[[ops_s2]]
    script = echo "RUN: run-ops.sh"
    env-script = 
    err-script = 
    extra log files = 
    work sub-directory = 
    init-script = 
    pre-script = 
    post-script = 
    inherit = OPS, SERIAL
    [[[meta]]]
        title = 
        description = 
        URL = 
    [[[events]]]
        submission timeout handler = 
        submitted handler = 
        started handler = 
        execution timeout handler = 
        expired handler = 
        submission failed handler = 
        submission retry handler = 
        warning handler = 
        critical handler = 
        custom handler = 
        succeeded handler = 
        retry handler = 
        failed handler = 
        handler events = 
        mail smtp = 
        handlers = 
        mail events = 
        mail retry delays = 
        handler retry delays = 
        mail to = 
        mail from = 
        execution timeout = 
        submission timeout = 
        reset timer = 
    [[[environment]]]
    [[[directives]]]
        job_type = serial
    [[[environment filter]]]
        exclude = 
        include = 
    [[[outputs]]]
    [[[simulation]]]
        fail try 1 only = True
        fail cycle points = 
        speedup factor = 
        disable task event handlers = True
        default run length = PT10S
        time limit buffer = PT10S
    [[[suite state polling]]]
        interval = 
        host = 
        max-polls = 
        run-dir = 
        user = 
        template = 
        verbose mode = 
    [[[remote]]]
        owner = 
        suite definition directory = 
        host = 
        retrieve job logs = 
        retrieve job logs max size = 
        retrieve job logs retry delays = 
    [[[job]]]
        shell = /bin/bash
        batch submit command template = 
        batch system = background
        submission retry delays = 
        execution retry delays = 
        submission polling intervals = 
        execution polling intervals = 
        execution time limit = 
[[ops_p1]]
    script = echo "RUN: run-ops.sh"
    env-script = 
    err-script = 
    extra log files = 
    work sub-directory = 
    init-script = 
    pre-script = 
    post-script = 
    inherit = OPS, PARALLEL
    [[[meta]]]
        title = 
        description = 
        URL = 
    [[[events]]]
        submission timeout handler = 
        submitted handler = 
        started handler = 
        execution timeout handler = 
        expired handler = 
        submission failed handler = 
        submission retry handler = 
        warning handler = 
        critical handler = 
        custom handler = 
        succeeded handler = 
        retry handler = 
        failed handler = 
        handler events = 
        mail smtp = 
        handlers = 
        mail events = 
        mail retry delays = 
        handler retry delays = 
        mail to = 
        mail from = 
        execution timeout = 
        submission timeout = 
        reset timer = 
    [[[environment]]]
    [[[directives]]]
        job_type = parallel
    [[[environment filter]]]
        exclude = 
        include = 
    [[[outputs]]]
    [[[simulation]]]
        fail try 1 only = True
        fail cycle points = 
        speedup factor = 
        disable task event handlers = True
        default run length = PT10S
        time limit buffer = PT10S
    [[[suite state polling]]]
        interval = 
        host = 
        max-polls = 
        run-dir = 
        user = 
        template = 
        verbose mode = 
    [[[remote]]]
        owner = 
        suite definition directory = 
        host = 
        retrieve job logs = 
        retrieve job logs max size = 
        retrieve job logs retry delays = 
    [[[job]]]
        shell = /bin/bash
        batch submit command template = 
        batch system = background
        submission retry delays = 
        execution retry delays = 
        submission polling intervals = 
        execution polling intervals = 
        execution time limit = 
[[ops_p2]]
    script = echo "RUN: run-ops.sh"
    env-script = 
    err-script = 
    extra log files = 
    work sub-directory = 
    init-script = 
    pre-script = 
    post-script = 
    inherit = OPS, PARALLEL
    [[[meta]]]
        title = 
        description = 
        URL = 
    [[[events]]]
        handler events = 
        mail smtp = 
        handlers = 
        mail events = 
        mail retry delays = 
        handler retry delays = 
        mail to = 
        mail from = 
        execution timeout = 
        submission timeout = 
        reset timer = 
        submission timeout handler = 
        submitted handler = 
        started handler = 
        execution timeout handler = 
        expired handler = 
        submission failed handler = 
        submission retry handler = 
        warning handler = 
        critical handler = 
        custom handler = 
        succeeded handler = 
        retry handler = 
        failed handler = 
    [[[environment]]]
    [[[directives]]]
        job_type = parallel
    [[[environment filter]]]
        exclude = 
        include = 
    [[[outputs]]]
    [[[simulation]]]
        fail try 1 only = True
        fail cycle points = 
        speedup factor = 
        disable task event handlers = True
        default run length = PT10S
        time limit buffer = PT10S
    [[[suite state polling]]]
        interval = 
        host = 
        max-polls = 
        run-dir = 
        user = 
        template = 
        verbose mode = 
    [[[remote]]]
        owner = 
        suite definition directory = 
        host = 
        retrieve job logs = 
        retrieve job logs max size = 
        retrieve job logs retry delays = 
    [[[job]]]
        shell = /bin/bash
        batch submit command template = 
        batch system = background
        submission retry delays = 
        execution retry delays = 
        submission polling intervals = 
        execution polling intervals = 
        execution time limit = 
[[var_p1]]
    script = echo "RUN: run-var.sh"
    env-script = 
    err-script = 
    extra log files = 
    work sub-directory = 
    init-script = 
    pre-script = 
    post-script = 
    inherit = VAR, PARALLEL
    [[[meta]]]
        title = 
        description = 
        URL = 
    [[[events]]]
        handler events = 
        mail smtp = 
        handlers = 
        mail events = 
        mail retry delays = 
        handler retry delays = 
        mail to = 
        mail from = 
        execution timeout = 
        submission timeout = 
        reset timer = 
        submission timeout handler = 
        submitted handler = 
        started handler = 
        execution timeout handler = 
        expired handler = 
        submission failed handler = 
        submission retry handler = 
        warning handler = 
        critical handler = 
        custom handler = 
        succeeded handler = 
        retry handler = 
        failed handler = 
    [[[environment]]]
    [[[directives]]]
        job_type = parallel
    [[[environment filter]]]
        exclude = 
        include = 
    [[[outputs]]]
    [[[simulation]]]
        fail try 1 only = True
        fail cycle points = 
        speedup factor = 
        disable task event handlers = True
        default run length = PT10S
        time limit buffer = PT10S
    [[[suite state polling]]]
        interval = 
        host = 
        max-polls = 
        run-dir = 
        user = 
        template = 
        verbose mode = 
    [[[remote]]]
        owner = 
        suite definition directory = 
        host = 
        retrieve job logs = 
        retrieve job logs max size = 
        retrieve job logs retry delays = 
    [[[job]]]
        shell = /bin/bash
        batch submit command template = 
        batch system = background
        submission retry delays = 
        execution retry delays = 
        submission polling intervals = 
        execution polling intervals = 
        execution time limit = 
[[VAR]]
    script = echo "RUN: run-var.sh"
    env-script = 
    err-script = 
    extra log files = 
    work sub-directory = 
    init-script = 
    pre-script = 
    post-script = 
    inherit = 
    [[[meta]]]
        title = 
        description = 
        URL = 
    [[[events]]]
        handler events = 
        mail smtp = 
        handlers = 
        mail events = 
        mail retry delays = 
        handler retry delays = 
        mail to = 
        mail from = 
        execution timeout = 
        submission timeout = 
        reset timer = 
        submission timeout handler = 
        submitted handler = 
        started handler = 
        execution timeout handler = 
        expired handler = 
        submission failed handler = 
        submission retry handler = 
        warning handler = 
        critical handler = 
        custom handler = 
        succeeded handler = 
        retry handler = 
        failed handler = 
    [[[environment]]]
    [[[directives]]]
    [[[environment filter]]]
        exclude = 
        include = 
    [[[outputs]]]
    [[[simulation]]]
        fail try 1 only = True
        fail cycle points = 
        speedup factor = 
        disable task event handlers = True
        default run length = PT10S
        time limit buffer = PT10S
    [[[suite state polling]]]
        interval = 
        host = 
        max-polls = 
        run-dir = 
        user = 
        template = 
        verbose mode = 
    [[[remote]]]
        owner = 
        suite definition directory = 
        host = 
        retrieve job logs = 
        retrieve job logs max size = 
        retrieve job logs retry delays = 
    [[[job]]]
        shell = /bin/bash
        batch submit command template = 
        batch system = background
        submission retry delays = 
        execution retry delays = 
        submission polling intervals = 
        execution polling intervals = 
        execution time limit = 
[[var_s1]]
    script = echo "RUN: run-var.sh"
    env-script = 
    err-script = 
    extra log files = 
    work sub-directory = 
    init-script = 
    pre-script = 
    post-script = 
    inherit = VAR, SERIAL
    [[[meta]]]
        title = 
        description = 
        URL = 
    [[[events]]]
        handler events = 
        mail smtp = 
        handlers = 
        mail events = 
        mail retry delays = 
        handler retry delays = 
        mail to = 
        mail from = 
        execution timeout = 
        submission timeout = 
        reset timer = 
        submission timeout handler = 
        submitted handler = 
        started handler = 
        execution timeout handler = 
        expired handler = 
        submission failed handler = 
        submission retry handler = 
        warning handler = 
        critical handler = 
        custom handler = 
        succeeded handler = 
        retry handler = 
        failed handler = 
    [[[environment]]]
    [[[directives]]]
        job_type = serial
    [[[environment filter]]]
        exclude = 
        include = 
    [[[outputs]]]
    [[[simulation]]]
        fail try 1 only = True
        fail cycle points = 
        speedup factor = 
        disable task event handlers = True
        default run length = PT10S
        time limit buffer = PT10S
    [[[suite state polling]]]
        interval = 
        host = 
        max-polls = 
        run-dir = 
        user = 
        template = 
        verbose mode = 
    [[[remote]]]
        owner = 
        suite definition directory = 
        host = 
        retrieve job logs = 
        retrieve job logs max size = 
        retrieve job logs retry delays = 
    [[[job]]]
        shell = /bin/bash
        batch submit command template = 
        batch system = background
        submission retry delays = 
        execution retry delays = 
        submission polling intervals = 
        execution polling intervals = 
        execution time limit = 
[[SERIAL]]
    env-script = 
    err-script = 
    script = 
    extra log files = 
    work sub-directory = 
    init-script = 
    pre-script = 
    post-script = 
    inherit = 
    [[[meta]]]
        title = 
        description = 
        URL = 
    [[[events]]]
        handler events = 
        mail smtp = 
        handlers = 
        mail events = 
        mail retry delays = 
        handler retry delays = 
        mail to = 
        mail from = 
        execution timeout = 
        submission timeout = 
        reset timer = 
        submission timeout handler = 
        submitted handler = 
        started handler = 
        execution timeout handler = 
        expired handler = 
        submission failed handler = 
        submission retry handler = 
        warning handler = 
        critical handler = 
        custom handler = 
        succeeded handler = 
        retry handler = 
        failed handler = 
    [[[environment]]]
    [[[directives]]]
        job_type = serial
    [[[environment filter]]]
        exclude = 
        include = 
    [[[outputs]]]
    [[[simulation]]]
        fail try 1 only = True
        fail cycle points = 
        speedup factor = 
        disable task event handlers = True
        default run length = PT10S
        time limit buffer = PT10S
    [[[suite state polling]]]
        interval = 
        host = 
        max-polls = 
        run-dir = 
        user = 
        template = 
        verbose mode = 
    [[[remote]]]
        owner = 
        suite definition directory = 
        host = 
        retrieve job logs = 
        retrieve job logs max size = 
        retrieve job logs retry delays = 
    [[[job]]]
        shell = /bin/bash
        batch submit command template = 
        batch system = background
        submission retry delays = 
        execution retry delays = 
        submission polling intervals = 
        execution polling intervals = 
        execution time limit = 
[[root]]
    env-script = 
    err-script = 
    script = 
    extra log files = 
    work sub-directory = 
    init-script = 
    pre-script = 
    post-script = 
    inherit = 
    [[[meta]]]
        title = 
        description = 
        URL = 
    [[[events]]]
        handler events = 
        mail smtp = 
        handlers = 
        mail events = 
        mail retry delays = 
        handler retry delays = 
        mail to = 
        mail from = 
        execution timeout = 
        submission timeout = 
        reset timer = 
        submission timeout handler = 
        submitted handler = 
        started handler = 
        execution timeout handler = 
        expired handler = 
        submission failed handler = 
        submission retry handler = 
        warning handler = 
        critical handler = 
        custom handler = 
        succeeded handler = 
        retry handler = 
        failed handler = 
    [[[environment]]]
    [[[directives]]]
    [[[environment filter]]]
        exclude = 
        include = 
    [[[outputs]]]
    [[[simulation]]]
        fail try 1 only = True
        fail cycle points = 
        speedup factor = 
        disable task event handlers = True
        default run length = PT10S
        time limit buffer = PT10S
    [[[suite state polling]]]
        interval = 
        host = 
        max-polls = 
        run-dir = 
        user = 
        template = 
        verbose mode = 
    [[[remote]]]
        owner = 
        suite definition directory = 
        host = 
        retrieve job logs = 
        retrieve job logs max size = 
        retrieve job logs retry delays = 
    [[[job]]]
        shell = /bin/bash
        batch submit command template = 
        batch system = background
        submission retry delays = 
        execution retry delays = 
        submission polling intervals = 
        execution polling intervals = 
        execution time limit = 
[[PARALLEL]]
    env-script = 
    err-script = 
    script = 
    extra log files = 
    work sub-directory = 
    init-script = 
    pre-script = 
    post-script = 
    inherit = 
    [[[meta]]]
        title = 
        description = 
        URL = 
    [[[events]]]
        handler events = 
        mail smtp = 
        handlers = 
        mail events = 
        mail retry delays = 
        handler retry delays = 
        mail to = 
        mail from = 
        execution timeout = 
        submission timeout = 
        reset timer = 
        submission timeout handler = 
        submitted handler = 
        started handler = 
        execution timeout handler = 
        expired handler = 
        submission failed handler = 
        submission retry handler = 
        warning handler = 
        critical handler = 
        custom handler = 
        succeeded handler = 
        retry handler = 
        failed handler = 
    [[[environment]]]
    [[[directives]]]
        job_type = parallel
    [[[environment filter]]]
        exclude = 
        include = 
    [[[outputs]]]
    [[[simulation]]]
        fail try 1 only = True
        fail cycle points = 
        speedup factor = 
        disable task event handlers = True
        default run length = PT10S
        time limit buffer = PT10S
    [[[suite state polling]]]
        interval = 
        host = 
        max-polls = 
        run-dir = 
        user = 
        template = 
        verbose mode = 
    [[[remote]]]
        owner = 
        suite definition directory = 
        host = 
        retrieve job logs = 
        retrieve job logs max size = 
        retrieve job logs retry delays = 
    [[[job]]]
        shell = /bin/bash
        batch submit command template = 
        batch system = background
        submission retry delays = 
        execution retry delays = 
        submission polling intervals = 
        execution polling intervals = 
        execution time limit = 
[[var_s2]]
    script = echo "RUN: run-var.sh"
    env-script = 
    err-script = 
    extra log files = 
    work sub-directory = 
    init-script = 
    pre-script = 
    post-script = 
    inherit = VAR, SERIAL
    [[[meta]]]
        title = 
        description = 
        URL = 
    [[[events]]]
        handler events = 
        mail smtp = 
        handlers = 
        mail events = 
        mail retry delays = 
        handler retry delays = 
        mail to = 
        mail from = 
        execution timeout = 
        submission timeout = 
        reset timer = 
        submission timeout handler = 
        submitted handler = 
        started handler = 
        execution timeout handler = 
        expired handler = 
        submission failed handler = 
        submission retry handler = 
        warning handler = 
        critical handler = 
        custom handler = 
        succeeded handler = 
        retry handler = 
        failed handler = 
    [[[environment]]]
    [[[directives]]]
        job_type = serial
    [[[environment filter]]]
        exclude = 
        include = 
    [[[outputs]]]
    [[[simulation]]]
        fail try 1 only = True
        fail cycle points = 
        speedup factor = 
        disable task event handlers = True
        default run length = PT10S
        time limit buffer = PT10S
    [[[suite state polling]]]
        interval = 
        host = 
        max-polls = 
        run-dir = 
        user = 
        template = 
        verbose mode = 
    [[[remote]]]
        owner = 
        suite definition directory = 
        host = 
        retrieve job logs = 
        retrieve job logs max size = 
        retrieve job logs retry delays = 
    [[[job]]]
        shell = /bin/bash
        batch submit command template = 
        batch system = background
        submission retry delays = 
        execution retry delays = 
        submission polling intervals = 
        execution polling intervals = 
        execution time limit = 
