log/job/20131231T2300Z/bar/01/job
log/job/20131231T2300Z/bar/01/job.err
log/job/20131231T2300Z/bar/01/job.out
log/job/20131231T2300Z/bar/01/job.status
log/job/20131231T2300Z/bar/01/job.xtrace
log/job/20131231T2300Z/bar/01/job-activity.log
log/job/20131231T2300Z/foo/01/job
log/job/20131231T2300Z/foo/01/job.err
log/job/20131231T2300Z/foo/01/job.out
log/job/20131231T2300Z/foo/01/job.status
log/job/20131231T2300Z/foo/01/job.xtrace
log/job/20131231T2300Z/foo/01/job-activity.log
log/job/20140101T2300Z/bar/01/job
log/job/20140101T2300Z/bar/01/job.err
log/job/20140101T2300Z/bar/01/job.out
log/job/20140101T2300Z/bar/01/job.status
log/job/20140101T2300Z/bar/01/job.xtrace
log/job/20140101T2300Z/bar/01/job-activity.log
log/job/20140101T2300Z/foo/01/job
log/job/20140101T2300Z/foo/01/job.err
log/job/20140101T2300Z/foo/01/job.out
log/job/20140101T2300Z/foo/01/job.status
log/job/20140101T2300Z/foo/01/job.xtrace
log/job/20140101T2300Z/foo/01/job-activity.log
log/job/20140102T2300Z/bar/01/job
log/job/20140102T2300Z/bar/01/job.err
log/job/20140102T2300Z/bar/01/job.out
log/job/20140102T2300Z/bar/01/job.status
log/job/20140102T2300Z/bar/01/job.xtrace
log/job/20140102T2300Z/bar/01/job-activity.log
log/job/20140102T2300Z/foo/01/job
log/job/20140102T2300Z/foo/01/job.err
log/job/20140102T2300Z/foo/01/job.out
log/job/20140102T2300Z/foo/01/job.status
log/job/20140102T2300Z/foo/01/job.xtrace
log/job/20140102T2300Z/foo/01/job-activity.log
work/20131231T2300Z/bar/typing
work/20131231T2300Z/foo/typing
work/20140101T2300Z/bar/typing
work/20140101T2300Z/foo/typing
work/20140102T2300Z/bar/typing
work/20140102T2300Z/foo/typing
