initial cycle point = 1
final cycle point = 1
initial cycle point constraints = 
final cycle point constraints = 
hold after cycle point = 
stop after cycle point = 
cycling mode = integer
runahead limit = P5
[[queues]]
    type = classic
    [[[default]]]
        limit = 0
        members = 
[[special tasks]]
    clock-trigger = 
    external-trigger = 
    clock-expire = 
    sequential = 
[[xtriggers]]
[[graph]]
    R1 = OPS:finish-all => VAR
